Archive member included to satisfy reference by file (symbol)

c:/st/stm32cubeide_1.4.0/stm32cubeide/plugins/com.st.stm32cube.ide.mcu.externaltools.gnu-tools-for-stm32.7-2018-q2-update.win32_1.4.0.202007081208/tools/bin/../lib/gcc/arm-none-eabi/7.3.1/../../../../arm-none-eabi/lib/thumb/v7e-m/fpv4-sp/hard\libc_nano.a(lib_a-errno.o)
                              Core/Src/syscalls.o (__errno)
c:/st/stm32cubeide_1.4.0/stm32cubeide/plugins/com.st.stm32cube.ide.mcu.externaltools.gnu-tools-for-stm32.7-2018-q2-update.win32_1.4.0.202007081208/tools/bin/../lib/gcc/arm-none-eabi/7.3.1/../../../../arm-none-eabi/lib/thumb/v7e-m/fpv4-sp/hard\libc_nano.a(lib_a-exit.o)
                              c:/st/stm32cubeide_1.4.0/stm32cubeide/plugins/com.st.stm32cube.ide.mcu.externaltools.gnu-tools-for-stm32.7-2018-q2-update.win32_1.4.0.202007081208/tools/bin/../lib/gcc/arm-none-eabi/7.3.1/../../../../arm-none-eabi/lib/thumb/v7e-m/fpv4-sp/hard/crt0.o (exit)
c:/st/stm32cubeide_1.4.0/stm32cubeide/plugins/com.st.stm32cube.ide.mcu.externaltools.gnu-tools-for-stm32.7-2018-q2-update.win32_1.4.0.202007081208/tools/bin/../lib/gcc/arm-none-eabi/7.3.1/../../../../arm-none-eabi/lib/thumb/v7e-m/fpv4-sp/hard\libc_nano.a(lib_a-impure.o)
                              c:/st/stm32cubeide_1.4.0/stm32cubeide/plugins/com.st.stm32cube.ide.mcu.externaltools.gnu-tools-for-stm32.7-2018-q2-update.win32_1.4.0.202007081208/tools/bin/../lib/gcc/arm-none-eabi/7.3.1/../../../../arm-none-eabi/lib/thumb/v7e-m/fpv4-sp/hard\libc_nano.a(lib_a-exit.o) (_global_impure_ptr)
c:/st/stm32cubeide_1.4.0/stm32cubeide/plugins/com.st.stm32cube.ide.mcu.externaltools.gnu-tools-for-stm32.7-2018-q2-update.win32_1.4.0.202007081208/tools/bin/../lib/gcc/arm-none-eabi/7.3.1/../../../../arm-none-eabi/lib/thumb/v7e-m/fpv4-sp/hard\libc_nano.a(lib_a-init.o)
                              c:/st/stm32cubeide_1.4.0/stm32cubeide/plugins/com.st.stm32cube.ide.mcu.externaltools.gnu-tools-for-stm32.7-2018-q2-update.win32_1.4.0.202007081208/tools/bin/../lib/gcc/arm-none-eabi/7.3.1/../../../../arm-none-eabi/lib/thumb/v7e-m/fpv4-sp/hard/crt0.o (__libc_init_array)
c:/st/stm32cubeide_1.4.0/stm32cubeide/plugins/com.st.stm32cube.ide.mcu.externaltools.gnu-tools-for-stm32.7-2018-q2-update.win32_1.4.0.202007081208/tools/bin/../lib/gcc/arm-none-eabi/7.3.1/../../../../arm-none-eabi/lib/thumb/v7e-m/fpv4-sp/hard\libc_nano.a(lib_a-memset.o)
                              c:/st/stm32cubeide_1.4.0/stm32cubeide/plugins/com.st.stm32cube.ide.mcu.externaltools.gnu-tools-for-stm32.7-2018-q2-update.win32_1.4.0.202007081208/tools/bin/../lib/gcc/arm-none-eabi/7.3.1/../../../../arm-none-eabi/lib/thumb/v7e-m/fpv4-sp/hard/crt0.o (memset)

Allocating common symbols
Common symbol       size              file

blue_mode_action    0x1               Core/Src/main.o

Discarded input sections

 .text          0x0000000000000000        0x0 c:/st/stm32cubeide_1.4.0/stm32cubeide/plugins/com.st.stm32cube.ide.mcu.externaltools.gnu-tools-for-stm32.7-2018-q2-update.win32_1.4.0.202007081208/tools/bin/../lib/gcc/arm-none-eabi/7.3.1/thumb/v7e-m/fpv4-sp/hard/crti.o
 .data          0x0000000000000000        0x0 c:/st/stm32cubeide_1.4.0/stm32cubeide/plugins/com.st.stm32cube.ide.mcu.externaltools.gnu-tools-for-stm32.7-2018-q2-update.win32_1.4.0.202007081208/tools/bin/../lib/gcc/arm-none-eabi/7.3.1/thumb/v7e-m/fpv4-sp/hard/crti.o
 .bss           0x0000000000000000        0x0 c:/st/stm32cubeide_1.4.0/stm32cubeide/plugins/com.st.stm32cube.ide.mcu.externaltools.gnu-tools-for-stm32.7-2018-q2-update.win32_1.4.0.202007081208/tools/bin/../lib/gcc/arm-none-eabi/7.3.1/thumb/v7e-m/fpv4-sp/hard/crti.o
 .data          0x0000000000000000        0x4 c:/st/stm32cubeide_1.4.0/stm32cubeide/plugins/com.st.stm32cube.ide.mcu.externaltools.gnu-tools-for-stm32.7-2018-q2-update.win32_1.4.0.202007081208/tools/bin/../lib/gcc/arm-none-eabi/7.3.1/thumb/v7e-m/fpv4-sp/hard/crtbegin.o
 .text          0x0000000000000000       0x74 c:/st/stm32cubeide_1.4.0/stm32cubeide/plugins/com.st.stm32cube.ide.mcu.externaltools.gnu-tools-for-stm32.7-2018-q2-update.win32_1.4.0.202007081208/tools/bin/../lib/gcc/arm-none-eabi/7.3.1/../../../../arm-none-eabi/lib/thumb/v7e-m/fpv4-sp/hard/crt0.o
 .data          0x0000000000000000        0x0 c:/st/stm32cubeide_1.4.0/stm32cubeide/plugins/com.st.stm32cube.ide.mcu.externaltools.gnu-tools-for-stm32.7-2018-q2-update.win32_1.4.0.202007081208/tools/bin/../lib/gcc/arm-none-eabi/7.3.1/../../../../arm-none-eabi/lib/thumb/v7e-m/fpv4-sp/hard/crt0.o
 .bss           0x0000000000000000        0x0 c:/st/stm32cubeide_1.4.0/stm32cubeide/plugins/com.st.stm32cube.ide.mcu.externaltools.gnu-tools-for-stm32.7-2018-q2-update.win32_1.4.0.202007081208/tools/bin/../lib/gcc/arm-none-eabi/7.3.1/../../../../arm-none-eabi/lib/thumb/v7e-m/fpv4-sp/hard/crt0.o
[...]
Memory Configuration

Name             Origin             Length             Attributes
RAM              0x0000000020000000 0x0000000000018000 xrw
RAM2             0x0000000010000000 0x0000000000008000 xrw
FLASH            0x0000000008000000 0x0000000000100000 xr
*default*        0x0000000000000000 0xffffffffffffffff

Linker script and memory map

LOAD c:/st/stm32cubeide_1.4.0/stm32cubeide/plugins/com.st.stm32cube.ide.mcu.externaltools.gnu-tools-for-stm32.7-2018-q2-update.win32_1.4.0.202007081208/tools/bin/../lib/gcc/arm-none-eabi/7.3.1/thumb/v7e-m/fpv4-sp/hard/crti.o
LOAD c:/st/stm32cubeide_1.4.0/stm32cubeide/plugins/com.st.stm32cube.ide.mcu.externaltools.gnu-tools-for-stm32.7-2018-q2-update.win32_1.4.0.202007081208/tools/bin/../lib/gcc/arm-none-eabi/7.3.1/thumb/v7e-m/fpv4-sp/hard/crtbegin.o
LOAD c:/st/stm32cubeide_1.4.0/stm32cubeide/plugins/com.st.stm32cube.ide.mcu.externaltools.gnu-tools-for-stm32.7-2018-q2-update.win32_1.4.0.202007081208/tools/bin/../lib/gcc/arm-none-eabi/7.3.1/../../../../arm-none-eabi/lib/thumb/v7e-m/fpv4-sp/hard/crt0.o
LOAD Core/Src/gpio.o
LOAD Core/Src/main.o
LOAD Core/Src/rtc.o
LOAD Core/Src/stm32l4xx_it.o
LOAD Core/Src/syscalls.o
LOAD Core/Src/sysmem.o
LOAD Core/Src/system_stm32l4xx.o
LOAD Core/Startup/startup_stm32l476rgtx.o
LOAD Drivers/STM32L4xx_HAL_Driver/Src/stm32l4xx_ll_exti.o
LOAD Drivers/STM32L4xx_HAL_Driver/Src/stm32l4xx_ll_gpio.o
LOAD Drivers/STM32L4xx_HAL_Driver/Src/stm32l4xx_ll_pwr.o
LOAD Drivers/STM32L4xx_HAL_Driver/Src/stm32l4xx_ll_rtc.o
LOAD Drivers/STM32L4xx_HAL_Driver/Src/stm32l4xx_ll_utils.o
START GROUP
LOAD c:/st/stm32cubeide_1.4.0/stm32cubeide/plugins/com.st.stm32cube.ide.mcu.externaltools.gnu-tools-for-stm32.7-2018-q2-update.win32_1.4.0.202007081208/tools/bin/../lib/gcc/arm-none-eabi/7.3.1/../../../../arm-none-eabi/lib/thumb/v7e-m/fpv4-sp/hard\libc_nano.a
LOAD c:/st/stm32cubeide_1.4.0/stm32cubeide/plugins/com.st.stm32cube.ide.mcu.externaltools.gnu-tools-for-stm32.7-2018-q2-update.win32_1.4.0.202007081208/tools/bin/../lib/gcc/arm-none-eabi/7.3.1/../../../../arm-none-eabi/lib/thumb/v7e-m/fpv4-sp/hard\libm.a
END GROUP
START GROUP
LOAD c:/st/stm32cubeide_1.4.0/stm32cubeide/plugins/com.st.stm32cube.ide.mcu.externaltools.gnu-tools-for-stm32.7-2018-q2-update.win32_1.4.0.202007081208/tools/bin/../lib/gcc/arm-none-eabi/7.3.1/thumb/v7e-m/fpv4-sp/hard\libgcc.a
LOAD c:/st/stm32cubeide_1.4.0/stm32cubeide/plugins/com.st.stm32cube.ide.mcu.externaltools.gnu-tools-for-stm32.7-2018-q2-update.win32_1.4.0.202007081208/tools/bin/../lib/gcc/arm-none-eabi/7.3.1/../../../../arm-none-eabi/lib/thumb/v7e-m/fpv4-sp/hard\libc_nano.a
END GROUP
START GROUP
LOAD c:/st/stm32cubeide_1.4.0/stm32cubeide/plugins/com.st.stm32cube.ide.mcu.externaltools.gnu-tools-for-stm32.7-2018-q2-update.win32_1.4.0.202007081208/tools/bin/../lib/gcc/arm-none-eabi/7.3.1/thumb/v7e-m/fpv4-sp/hard\libgcc.a
LOAD c:/st/stm32cubeide_1.4.0/stm32cubeide/plugins/com.st.stm32cube.ide.mcu.externaltools.gnu-tools-for-stm32.7-2018-q2-update.win32_1.4.0.202007081208/tools/bin/../lib/gcc/arm-none-eabi/7.3.1/../../../../arm-none-eabi/lib/thumb/v7e-m/fpv4-sp/hard\libc_nano.a
LOAD c:/st/stm32cubeide_1.4.0/stm32cubeide/plugins/com.st.stm32cube.ide.mcu.externaltools.gnu-tools-for-stm32.7-2018-q2-update.win32_1.4.0.202007081208/tools/bin/../lib/gcc/arm-none-eabi/7.3.1/../../../../arm-none-eabi/lib/thumb/v7e-m/fpv4-sp/hard\libnosys.a
END GROUP
START GROUP
LOAD c:/st/stm32cubeide_1.4.0/stm32cubeide/plugins/com.st.stm32cube.ide.mcu.externaltools.gnu-tools-for-stm32.7-2018-q2-update.win32_1.4.0.202007081208/tools/bin/../lib/gcc/arm-none-eabi/7.3.1/thumb/v7e-m/fpv4-sp/hard\libgcc.a
LOAD c:/st/stm32cubeide_1.4.0/stm32cubeide/plugins/com.st.stm32cube.ide.mcu.externaltools.gnu-tools-for-stm32.7-2018-q2-update.win32_1.4.0.202007081208/tools/bin/../lib/gcc/arm-none-eabi/7.3.1/../../../../arm-none-eabi/lib/thumb/v7e-m/fpv4-sp/hard\libc_nano.a
LOAD c:/st/stm32cubeide_1.4.0/stm32cubeide/plugins/com.st.stm32cube.ide.mcu.externaltools.gnu-tools-for-stm32.7-2018-q2-update.win32_1.4.0.202007081208/tools/bin/../lib/gcc/arm-none-eabi/7.3.1/../../../../arm-none-eabi/lib/thumb/v7e-m/fpv4-sp/hard\libnosys.a
END GROUP
LOAD c:/st/stm32cubeide_1.4.0/stm32cubeide/plugins/com.st.stm32cube.ide.mcu.externaltools.gnu-tools-for-stm32.7-2018-q2-update.win32_1.4.0.202007081208/tools/bin/../lib/gcc/arm-none-eabi/7.3.1/thumb/v7e-m/fpv4-sp/hard/crtend.o
LOAD c:/st/stm32cubeide_1.4.0/stm32cubeide/plugins/com.st.stm32cube.ide.mcu.externaltools.gnu-tools-for-stm32.7-2018-q2-update.win32_1.4.0.202007081208/tools/bin/../lib/gcc/arm-none-eabi/7.3.1/thumb/v7e-m/fpv4-sp/hard/crtn.o
                0x0000000020018000                _estack = (ORIGIN (RAM) + LENGTH (RAM))
                0x0000000000000200                _Min_Heap_Size = 0x200
                0x0000000000000400                _Min_Stack_Size = 0x400

.isr_vector     0x0000000008000000      0x188
                0x0000000008000000                . = ALIGN (0x4)
 *(.isr_vector)
 .isr_vector    0x0000000008000000      0x188 Core/Startup/startup_stm32l476rgtx.o
                0x0000000008000000                g_pfnVectors
                0x0000000008000188                . = ALIGN (0x4)

.text           0x0000000008000188     0x1ea4
                0x0000000008000188                . = ALIGN (0x4)
 *(.text)
 .text          0x0000000008000188       0x40 c:/st/stm32cubeide_1.4.0/stm32cubeide/plugins/com.st.stm32cube.ide.mcu.externaltools.gnu-tools-for-stm32.7-2018-q2-update.win32_1.4.0.202007081208/tools/bin/../lib/gcc/arm-none-eabi/7.3.1/thumb/v7e-m/fpv4-sp/hard/crtbegin.o
 *(.text*)
 .text.__NVIC_GetPriorityGrouping
                0x00000000080001c8       0x1c Core/Src/gpio.o
 .text.__NVIC_EnableIRQ
                0x00000000080001e4       0x3c Core/Src/gpio.o
 .text.__NVIC_SetPriority
                0x0000000008000220       0x54 Core/Src/gpio.o
 .text.NVIC_EncodePriority
                0x0000000008000274       0x66 Core/Src/gpio.o
 *fill*         0x00000000080002da        0x2 
 .text.LL_AHB2_GRP1_EnableClock
                0x00000000080002dc       0x30 Core/Src/gpio.o
 .text.LL_SYSCFG_SetEXTISource
                0x000000000800030c       0x6c Core/Src/gpio.o
 .text.LL_GPIO_SetPinMode
                0x0000000008000378       0x7a Core/Src/gpio.o
 .text.LL_GPIO_SetPinPull
                0x00000000080003f2       0x7a Core/Src/gpio.o
 .text.LL_GPIO_ResetOutputPin
                0x000000000800046c       0x1c Core/Src/gpio.o
 .text.MX_GPIO_Init
                0x0000000008000488       0xf8 Core/Src/gpio.o
                0x0000000008000488                MX_GPIO_Init
 .text.__NVIC_SetPriorityGrouping
                0x0000000008000580       0x48 Core/Src/main.o
 .text.__NVIC_EnableIRQ
                0x00000000080005c8       0x3c Core/Src/main.o
 .text.__NVIC_SetPriority
                0x0000000008000604       0x54 Core/Src/main.o
 .text.LL_RCC_LSE_Enable
                0x0000000008000658       0x24 Core/Src/main.o
 .text.LL_RCC_LSE_SetDriveCapability
                0x000000000800067c       0x2c Core/Src/main.o
 .text.LL_RCC_LSE_IsReady
                0x00000000080006a8       0x28 Core/Src/main.o
 .text.LL_RCC_MSI_Enable
                0x00000000080006d0       0x20 Core/Src/main.o
 .text.LL_RCC_MSI_IsReady
                0x00000000080006f0       0x24 Core/Src/main.o
 .text.LL_RCC_MSI_EnablePLLMode
                0x0000000008000714       0x20 Core/Src/main.o
 .text.LL_RCC_MSI_DisablePLLMode
                0x0000000008000734       0x20 Core/Src/main.o
 .text.LL_RCC_MSI_EnableRangeSelection
                0x0000000008000754       0x20 Core/Src/main.o
 .text.LL_RCC_MSI_SetRange
                0x0000000008000774       0x28 Core/Src/main.o
 .text.LL_RCC_MSI_SetCalibTrimming
                0x000000000800079c       0x2c Core/Src/main.o
 .text.LL_RCC_SetSysClkSource
                0x00000000080007c8       0x28 Core/Src/main.o
 .text.LL_RCC_GetSysClkSource
                0x00000000080007f0       0x1c Core/Src/main.o
 .text.LL_RCC_SetAHBPrescaler
                0x000000000800080c       0x28 Core/Src/main.o
 .text.LL_RCC_SetAPB1Prescaler
                0x0000000008000834       0x28 Core/Src/main.o
 .text.LL_RCC_SetAPB2Prescaler
                0x000000000800085c       0x28 Core/Src/main.o
 .text.LL_RCC_SetRTCClockSource
                0x0000000008000884       0x2c Core/Src/main.o
 .text.LL_RCC_ForceBackupDomainReset
                0x00000000080008b0       0x24 Core/Src/main.o
 .text.LL_RCC_ReleaseBackupDomainReset
                0x00000000080008d4       0x24 Core/Src/main.o
 .text.LL_RCC_PLL_Enable
                0x00000000080008f8       0x20 Core/Src/main.o
 .text.LL_RCC_PLL_IsReady
                0x0000000008000918       0x28 Core/Src/main.o
 .text.LL_RCC_PLL_ConfigDomain_SYS
                0x0000000008000940       0x40 Core/Src/main.o
 .text.LL_RCC_PLL_EnableDomain_SYS
                0x0000000008000980       0x20 Core/Src/main.o
 .text.LL_APB1_GRP1_EnableClock
                0x00000000080009a0       0x30 Core/Src/main.o
 .text.LL_APB2_GRP1_EnableClock
                0x00000000080009d0       0x30 Core/Src/main.o
 .text.LL_FLASH_SetLatency
                0x0000000008000a00       0x28 Core/Src/main.o
 .text.LL_FLASH_GetLatency
                0x0000000008000a28       0x1c Core/Src/main.o
 .text.LL_EXTI_EnableIT_0_31
                0x0000000008000a44       0x24 Core/Src/main.o
 .text.LL_EXTI_EnableRisingTrig_0_31
                0x0000000008000a68       0x24 Core/Src/main.o
 .text.LL_EXTI_IsActiveFlag_0_31
                0x0000000008000a8c       0x2c Core/Src/main.o
 .text.LL_EXTI_ClearFlag_0_31
                0x0000000008000ab8       0x20 Core/Src/main.o
 .text.LL_LPM_EnableSleep
                0x0000000008000ad8       0x20 Core/Src/main.o
 .text.LL_LPM_EnableDeepSleep
                0x0000000008000af8       0x20 Core/Src/main.o
 .text.LL_PWR_SetRegulVoltageScaling
                0x0000000008000b18       0x28 Core/Src/main.o
 .text.LL_PWR_EnableBkUpAccess
                0x0000000008000b40       0x20 Core/Src/main.o
 .text.LL_PWR_SetPowerMode
                0x0000000008000b60       0x28 Core/Src/main.o
 .text.LL_PWR_EnableInternWU
                0x0000000008000b88       0x20 Core/Src/main.o
 .text.LL_RTC_EnableWriteProtection
                0x0000000008000ba8       0x1a Core/Src/main.o
 .text.LL_RTC_DisableWriteProtection
                0x0000000008000bc2       0x20 Core/Src/main.o
 .text.LL_RTC_WAKEUP_Enable
                0x0000000008000be2       0x20 Core/Src/main.o
 .text.LL_RTC_WAKEUP_Disable
                0x0000000008000c02       0x20 Core/Src/main.o
 .text.LL_RTC_WAKEUP_SetClock
                0x0000000008000c22       0x26 Core/Src/main.o
 .text.LL_RTC_WAKEUP_SetAutoReload
                0x0000000008000c48       0x26 Core/Src/main.o
 .text.LL_RTC_BAK_SetRegister
                0x0000000008000c6e       0x32 Core/Src/main.o
 .text.LL_RTC_BAK_GetRegister
                0x0000000008000ca0       0x2e Core/Src/main.o
 .text.LL_RTC_ClearFlag_WUT
                0x0000000008000cce       0x22 Core/Src/main.o
 .text.LL_RTC_IsActiveFlag_WUTW
                0x0000000008000cf0       0x26 Core/Src/main.o
 .text.LL_RTC_EnableIT_WUT
                0x0000000008000d16       0x20 Core/Src/main.o
 .text.LL_GPIO_TogglePin
                0x0000000008000d36       0x32 Core/Src/main.o
 .text.main     0x0000000008000d68      0x230 Core/Src/main.o
                0x0000000008000d68                main
 .text.SystemClock_Config
                0x0000000008000f98       0xf8 Core/Src/main.o
                0x0000000008000f98                SystemClock_Config
 .text.Systick_Init
                0x0000000008001090       0x6c Core/Src/main.o
                0x0000000008001090                Systick_Init
 .text.LSE_Init
                0x00000000080010fc       0x44 Core/Src/main.o
                0x00000000080010fc                LSE_Init
 .text.SysTick_Handler
                0x0000000008001140       0x64 Core/Src/main.o
                0x0000000008001140                SysTick_Handler
 .text.EXTI15_10_IRQHandler
                0x00000000080011a4       0x38 Core/Src/main.o
                0x00000000080011a4                EXTI15_10_IRQHandler
 .text.PLL_Activate
                0x00000000080011dc       0x24 Core/Src/main.o
                0x00000000080011dc                PLL_Activate
 .text.PLL_Disable
                0x0000000008001200        0xc Core/Src/main.o
                0x0000000008001200                PLL_Disable
 .text.RTC_wakeup_init
                0x000000000800120c       0x58 Core/Src/main.o
 .text.RTC_wakeup_init_from_standby_or_shutdown
                0x0000000008001264       0x1a Core/Src/main.o
                0x0000000008001264                RTC_wakeup_init_from_standby_or_shutdown
 .text.RTC_wakeup_init_from_stop
                0x000000000800127e       0x34 Core/Src/main.o
                0x000000000800127e                RTC_wakeup_init_from_stop
 .text.RTC_WKUP_IRQHandler
                0x00000000080012b2       0x10 Core/Src/main.o
                0x00000000080012b2                RTC_WKUP_IRQHandler
 *fill*         0x00000000080012c2        0x2 
 .text.LL_RCC_EnableRTC
                0x00000000080012c4       0x24 Core/Src/rtc.o
 .text.MX_RTC_Init
                0x00000000080012e8       0x38 Core/Src/rtc.o
                0x00000000080012e8                MX_RTC_Init
 .text.NMI_Handler
                0x0000000008001320        0xe Core/Src/stm32l4xx_it.o
                0x0000000008001320                NMI_Handler
 .text.HardFault_Handler
                0x000000000800132e        0x6 Core/Src/stm32l4xx_it.o
                0x000000000800132e                HardFault_Handler
 .text.MemManage_Handler
                0x0000000008001334        0x6 Core/Src/stm32l4xx_it.o
                0x0000000008001334                MemManage_Handler
 .text.BusFault_Handler
                0x000000000800133a        0x6 Core/Src/stm32l4xx_it.o
                0x000000000800133a                BusFault_Handler
 .text.UsageFault_Handler
                0x0000000008001340        0x6 Core/Src/stm32l4xx_it.o
                0x0000000008001340                UsageFault_Handler
 .text.SVC_Handler
                0x0000000008001346        0xe Core/Src/stm32l4xx_it.o
                0x0000000008001346                SVC_Handler
 .text.DebugMon_Handler
                0x0000000008001354        0xe Core/Src/stm32l4xx_it.o
                0x0000000008001354                DebugMon_Handler
 .text.PendSV_Handler
                0x0000000008001362        0xe Core/Src/stm32l4xx_it.o
                0x0000000008001362                PendSV_Handler
 .text.SystemInit
                0x0000000008001370       0x6c Core/Src/system_stm32l4xx.o
                0x0000000008001370                SystemInit
 .text.SystemCoreClockUpdate
                0x00000000080013dc      0x174 Core/Src/system_stm32l4xx.o
                0x00000000080013dc                SystemCoreClockUpdate
 .text.Reset_Handler
                0x0000000008001550       0x50 Core/Startup/startup_stm32l476rgtx.o
                0x0000000008001550                Reset_Handler
 .text.Default_Handler
                0x00000000080015a0        0x2 Core/Startup/startup_stm32l476rgtx.o
                0x00000000080015a0                RTC_Alarm_IRQHandler
                0x00000000080015a0                EXTI2_IRQHandler
                0x00000000080015a0                TIM8_TRG_COM_IRQHandler
                0x00000000080015a0                TIM8_CC_IRQHandler
                0x00000000080015a0                TIM1_CC_IRQHandler
                0x00000000080015a0                TSC_IRQHandler
                0x00000000080015a0                TAMP_STAMP_IRQHandler
                0x00000000080015a0                EXTI3_IRQHandler
                0x00000000080015a0                LPTIM2_IRQHandler
                0x00000000080015a0                DFSDM1_FLT1_IRQHandler
                0x00000000080015a0                I2C3_ER_IRQHandler
                0x00000000080015a0                DFSDM1_FLT2_IRQHandler
                0x00000000080015a0                EXTI0_IRQHandler
                0x00000000080015a0                I2C2_EV_IRQHandler
                0x00000000080015a0                CAN1_RX0_IRQHandler
                0x00000000080015a0                FPU_IRQHandler
                0x00000000080015a0                TIM1_UP_TIM16_IRQHandler
                0x00000000080015a0                ADC1_2_IRQHandler
                0x00000000080015a0                SPI1_IRQHandler
                0x00000000080015a0                TIM6_DAC_IRQHandler
                0x00000000080015a0                TIM8_UP_IRQHandler
                0x00000000080015a0                DMA2_Channel2_IRQHandler
                0x00000000080015a0                DMA1_Channel4_IRQHandler
                0x00000000080015a0                SAI2_IRQHandler
                0x00000000080015a0                DFSDM1_FLT3_IRQHandler
                0x00000000080015a0                USART3_IRQHandler
                0x00000000080015a0                DMA1_Channel7_IRQHandler
                0x00000000080015a0                CAN1_RX1_IRQHandler
                0x00000000080015a0                LCD_IRQHandler
                0x00000000080015a0                UART5_IRQHandler
                0x00000000080015a0                ADC3_IRQHandler
                0x00000000080015a0                TIM4_IRQHandler
                0x00000000080015a0                DMA2_Channel1_IRQHandler
                0x00000000080015a0                QUADSPI_IRQHandler
                0x00000000080015a0                I2C1_EV_IRQHandler
                0x00000000080015a0                DMA1_Channel6_IRQHandler
                0x00000000080015a0                UART4_IRQHandler
                0x00000000080015a0                DMA2_Channel4_IRQHandler
                0x00000000080015a0                TIM3_IRQHandler
                0x00000000080015a0                RCC_IRQHandler
                0x00000000080015a0                DMA1_Channel1_IRQHandler
                0x00000000080015a0                Default_Handler
                0x00000000080015a0                DMA2_Channel7_IRQHandler
                0x00000000080015a0                TIM7_IRQHandler
                0x00000000080015a0                SDMMC1_IRQHandler
                0x00000000080015a0                TIM5_IRQHandler
                0x00000000080015a0                I2C3_EV_IRQHandler
                0x00000000080015a0                EXTI9_5_IRQHandler
                0x00000000080015a0                PVD_PVM_IRQHandler
                0x00000000080015a0                SPI2_IRQHandler
                0x00000000080015a0                CAN1_TX_IRQHandler
                0x00000000080015a0                DMA2_Channel5_IRQHandler
                0x00000000080015a0                DMA1_Channel5_IRQHandler
                0x00000000080015a0                EXTI4_IRQHandler
                0x00000000080015a0                RNG_IRQHandler
                0x00000000080015a0                TIM1_TRG_COM_TIM17_IRQHandler
                0x00000000080015a0                DMA1_Channel3_IRQHandler
                0x00000000080015a0                COMP_IRQHandler
                0x00000000080015a0                WWDG_IRQHandler
                0x00000000080015a0                LPUART1_IRQHandler
                0x00000000080015a0                DMA2_Channel6_IRQHandler
                0x00000000080015a0                TIM2_IRQHandler
                0x00000000080015a0                EXTI1_IRQHandler
                0x00000000080015a0                USART2_IRQHandler
                0x00000000080015a0                DFSDM1_FLT0_IRQHandler
                0x00000000080015a0                I2C2_ER_IRQHandler
                0x00000000080015a0                DMA1_Channel2_IRQHandler
                0x00000000080015a0                TIM8_BRK_IRQHandler
                0x00000000080015a0                CAN1_SCE_IRQHandler
                0x00000000080015a0                FLASH_IRQHandler
                0x00000000080015a0                USART1_IRQHandler
                0x00000000080015a0                OTG_FS_IRQHandler
                0x00000000080015a0                SPI3_IRQHandler
                0x00000000080015a0                I2C1_ER_IRQHandler
                0x00000000080015a0                FMC_IRQHandler
                0x00000000080015a0                SWPMI1_IRQHandler
                0x00000000080015a0                LPTIM1_IRQHandler
                0x00000000080015a0                SAI1_IRQHandler
                0x00000000080015a0                DMA2_Channel3_IRQHandler
                0x00000000080015a0                TIM1_BRK_TIM15_IRQHandler
 *fill*         0x00000000080015a2        0x2 
 .text.LL_EXTI_EnableIT_0_31
                0x00000000080015a4       0x24 Drivers/STM32L4xx_HAL_Driver/Src/stm32l4xx_ll_exti.o
 .text.LL_EXTI_EnableIT_32_63
                0x00000000080015c8       0x24 Drivers/STM32L4xx_HAL_Driver/Src/stm32l4xx_ll_exti.o
 .text.LL_EXTI_DisableIT_0_31
                0x00000000080015ec       0x28 Drivers/STM32L4xx_HAL_Driver/Src/stm32l4xx_ll_exti.o
 .text.LL_EXTI_DisableIT_32_63
                0x0000000008001614       0x28 Drivers/STM32L4xx_HAL_Driver/Src/stm32l4xx_ll_exti.o
 .text.LL_EXTI_EnableEvent_0_31
                0x000000000800163c       0x24 Drivers/STM32L4xx_HAL_Driver/Src/stm32l4xx_ll_exti.o
 .text.LL_EXTI_EnableEvent_32_63
                0x0000000008001660       0x24 Drivers/STM32L4xx_HAL_Driver/Src/stm32l4xx_ll_exti.o
 .text.LL_EXTI_DisableEvent_0_31
                0x0000000008001684       0x28 Drivers/STM32L4xx_HAL_Driver/Src/stm32l4xx_ll_exti.o
 .text.LL_EXTI_DisableEvent_32_63
                0x00000000080016ac       0x28 Drivers/STM32L4xx_HAL_Driver/Src/stm32l4xx_ll_exti.o
 .text.LL_EXTI_EnableRisingTrig_0_31
                0x00000000080016d4       0x24 Drivers/STM32L4xx_HAL_Driver/Src/stm32l4xx_ll_exti.o
 .text.LL_EXTI_EnableRisingTrig_32_63
                0x00000000080016f8       0x24 Drivers/STM32L4xx_HAL_Driver/Src/stm32l4xx_ll_exti.o
 .text.LL_EXTI_DisableRisingTrig_0_31
                0x000000000800171c       0x28 Drivers/STM32L4xx_HAL_Driver/Src/stm32l4xx_ll_exti.o
 .text.LL_EXTI_DisableRisingTrig_32_63
                0x0000000008001744       0x28 Drivers/STM32L4xx_HAL_Driver/Src/stm32l4xx_ll_exti.o
 .text.LL_EXTI_EnableFallingTrig_0_31
                0x000000000800176c       0x24 Drivers/STM32L4xx_HAL_Driver/Src/stm32l4xx_ll_exti.o
 .text.LL_EXTI_EnableFallingTrig_32_63
                0x0000000008001790       0x24 Drivers/STM32L4xx_HAL_Driver/Src/stm32l4xx_ll_exti.o
 .text.LL_EXTI_DisableFallingTrig_0_31
                0x00000000080017b4       0x28 Drivers/STM32L4xx_HAL_Driver/Src/stm32l4xx_ll_exti.o
 .text.LL_EXTI_DisableFallingTrig_32_63
                0x00000000080017dc       0x28 Drivers/STM32L4xx_HAL_Driver/Src/stm32l4xx_ll_exti.o
 .text.LL_EXTI_Init
                0x0000000008001804      0x1d8 Drivers/STM32L4xx_HAL_Driver/Src/stm32l4xx_ll_exti.o
                0x0000000008001804                LL_EXTI_Init
 .text.LL_GPIO_SetPinMode
                0x00000000080019dc       0x7a Drivers/STM32L4xx_HAL_Driver/Src/stm32l4xx_ll_gpio.o
 .text.LL_GPIO_SetPinOutputType
                0x0000000008001a56       0x30 Drivers/STM32L4xx_HAL_Driver/Src/stm32l4xx_ll_gpio.o
 .text.LL_GPIO_SetPinSpeed
                0x0000000008001a86       0x7a Drivers/STM32L4xx_HAL_Driver/Src/stm32l4xx_ll_gpio.o
 .text.LL_GPIO_SetPinPull
                0x0000000008001b00       0x7a Drivers/STM32L4xx_HAL_Driver/Src/stm32l4xx_ll_gpio.o
 .text.LL_GPIO_SetAFPin_0_7
                0x0000000008001b7a       0x7a Drivers/STM32L4xx_HAL_Driver/Src/stm32l4xx_ll_gpio.o
 .text.LL_GPIO_SetAFPin_8_15
                0x0000000008001bf4       0x7e Drivers/STM32L4xx_HAL_Driver/Src/stm32l4xx_ll_gpio.o
 .text.LL_GPIO_Init
                0x0000000008001c72       0xec Drivers/STM32L4xx_HAL_Driver/Src/stm32l4xx_ll_gpio.o
                0x0000000008001c72                LL_GPIO_Init
 .text.LL_RTC_SetHourFormat
                0x0000000008001d5e       0x26 Drivers/STM32L4xx_HAL_Driver/Src/stm32l4xx_ll_rtc.o
 .text.LL_RTC_EnableInitMode
                0x0000000008001d84       0x1c Drivers/STM32L4xx_HAL_Driver/Src/stm32l4xx_ll_rtc.o
 .text.LL_RTC_DisableInitMode
                0x0000000008001da0       0x1c Drivers/STM32L4xx_HAL_Driver/Src/stm32l4xx_ll_rtc.o
 .text.LL_RTC_SetAsynchPrescaler
                0x0000000008001dbc       0x28 Drivers/STM32L4xx_HAL_Driver/Src/stm32l4xx_ll_rtc.o
 .text.LL_RTC_SetSynchPrescaler
                0x0000000008001de4       0x2a Drivers/STM32L4xx_HAL_Driver/Src/stm32l4xx_ll_rtc.o
 .text.LL_RTC_EnableWriteProtection
                0x0000000008001e0e       0x1a Drivers/STM32L4xx_HAL_Driver/Src/stm32l4xx_ll_rtc.o
 .text.LL_RTC_DisableWriteProtection
                0x0000000008001e28       0x20 Drivers/STM32L4xx_HAL_Driver/Src/stm32l4xx_ll_rtc.o
 .text.LL_RTC_IsActiveFlag_INIT
                0x0000000008001e48       0x26 Drivers/STM32L4xx_HAL_Driver/Src/stm32l4xx_ll_rtc.o
 *fill*         0x0000000008001e6e        0x2 
 .text.LL_SYSTICK_IsActiveCounterFlag
                0x0000000008001e70       0x28 Drivers/STM32L4xx_HAL_Driver/Src/stm32l4xx_ll_rtc.o
 .text.LL_RTC_Init
                0x0000000008001e98       0x5e Drivers/STM32L4xx_HAL_Driver/Src/stm32l4xx_ll_rtc.o
                0x0000000008001e98                LL_RTC_Init
 .text.LL_RTC_EnterInitMode
                0x0000000008001ef6       0x66 Drivers/STM32L4xx_HAL_Driver/Src/stm32l4xx_ll_rtc.o
                0x0000000008001ef6                LL_RTC_EnterInitMode
 .text.LL_InitTick
                0x0000000008001f5c       0x34 Drivers/STM32L4xx_HAL_Driver/Src/stm32l4xx_ll_utils.o
 .text.LL_Init1msTick
                0x0000000008001f90       0x1a Drivers/STM32L4xx_HAL_Driver/Src/stm32l4xx_ll_utils.o
                0x0000000008001f90                LL_Init1msTick
 *fill*         0x0000000008001faa        0x2 
 .text.LL_SetSystemCoreClock
                0x0000000008001fac       0x20 Drivers/STM32L4xx_HAL_Driver/Src/stm32l4xx_ll_utils.o
                0x0000000008001fac                LL_SetSystemCoreClock
 .text.__libc_init_array
                0x0000000008001fcc       0x48 c:/st/stm32cubeide_1.4.0/stm32cubeide/plugins/com.st.stm32cube.ide.mcu.externaltools.gnu-tools-for-stm32.7-2018-q2-update.win32_1.4.0.202007081208/tools/bin/../lib/gcc/arm-none-eabi/7.3.1/../../../../arm-none-eabi/lib/thumb/v7e-m/fpv4-sp/hard\libc_nano.a(lib_a-init.o)
                0x0000000008001fcc                __libc_init_array
 *(.glue_7)
 .glue_7        0x0000000008002014        0x0 linker stubs
 *(.glue_7t)
 .glue_7t       0x0000000008002014        0x0 linker stubs
 *(.eh_frame)
 .eh_frame      0x0000000008002014        0x0 c:/st/stm32cubeide_1.4.0/stm32cubeide/plugins/com.st.stm32cube.ide.mcu.externaltools.gnu-tools-for-stm32.7-2018-q2-update.win32_1.4.0.202007081208/tools/bin/../lib/gcc/arm-none-eabi/7.3.1/thumb/v7e-m/fpv4-sp/hard/crtbegin.o
 *(.init)
 .init          0x0000000008002014        0x4 c:/st/stm32cubeide_1.4.0/stm32cubeide/plugins/com.st.stm32cube.ide.mcu.externaltools.gnu-tools-for-stm32.7-2018-q2-update.win32_1.4.0.202007081208/tools/bin/../lib/gcc/arm-none-eabi/7.3.1/thumb/v7e-m/fpv4-sp/hard/crti.o
                0x0000000008002014                _init
 .init          0x0000000008002018        0x8 c:/st/stm32cubeide_1.4.0/stm32cubeide/plugins/com.st.stm32cube.ide.mcu.externaltools.gnu-tools-for-stm32.7-2018-q2-update.win32_1.4.0.202007081208/tools/bin/../lib/gcc/arm-none-eabi/7.3.1/thumb/v7e-m/fpv4-sp/hard/crtn.o
 *(.fini)
 .fini          0x0000000008002020        0x4 c:/st/stm32cubeide_1.4.0/stm32cubeide/plugins/com.st.stm32cube.ide.mcu.externaltools.gnu-tools-for-stm32.7-2018-q2-update.win32_1.4.0.202007081208/tools/bin/../lib/gcc/arm-none-eabi/7.3.1/thumb/v7e-m/fpv4-sp/hard/crti.o
                0x0000000008002020                _fini
 .fini          0x0000000008002024        0x8 c:/st/stm32cubeide_1.4.0/stm32cubeide/plugins/com.st.stm32cube.ide.mcu.externaltools.gnu-tools-for-stm32.7-2018-q2-update.win32_1.4.0.202007081208/tools/bin/../lib/gcc/arm-none-eabi/7.3.1/thumb/v7e-m/fpv4-sp/hard/crtn.o
                0x000000000800202c                . = ALIGN (0x4)
                0x000000000800202c                _etext = .

.vfp11_veneer   0x000000000800202c        0x0
 .vfp11_veneer  0x000000000800202c        0x0 linker stubs

.v4_bx          0x000000000800202c        0x0
 .v4_bx         0x000000000800202c        0x0 linker stubs

.iplt           0x000000000800202c        0x0
 .iplt          0x000000000800202c        0x0 c:/st/stm32cubeide_1.4.0/stm32cubeide/plugins/com.st.stm32cube.ide.mcu.externaltools.gnu-tools-for-stm32.7-2018-q2-update.win32_1.4.0.202007081208/tools/bin/../lib/gcc/arm-none-eabi/7.3.1/thumb/v7e-m/fpv4-sp/hard/crtbegin.o

.rodata         0x000000000800202c       0x40
                0x000000000800202c                . = ALIGN (0x4)
 *(.rodata)
 *(.rodata*)
 .rodata.AHBPrescTable
                0x000000000800202c       0x10 Core/Src/system_stm32l4xx.o
                0x000000000800202c                AHBPrescTable
 .rodata.MSIRangeTable
                0x000000000800203c       0x30 Core/Src/system_stm32l4xx.o
                0x000000000800203c                MSIRangeTable
                0x000000000800206c                . = ALIGN (0x4)

.rel.dyn        0x000000000800206c        0x0
 .rel.iplt      0x000000000800206c        0x0 c:/st/stm32cubeide_1.4.0/stm32cubeide/plugins/com.st.stm32cube.ide.mcu.externaltools.gnu-tools-for-stm32.7-2018-q2-update.win32_1.4.0.202007081208/tools/bin/../lib/gcc/arm-none-eabi/7.3.1/thumb/v7e-m/fpv4-sp/hard/crtbegin.o

.ARM.extab      0x000000000800206c        0x0
                0x000000000800206c                . = ALIGN (0x4)
 *(.ARM.extab* .gnu.linkonce.armextab.*)
                0x000000000800206c                . = ALIGN (0x4)

.ARM            0x000000000800206c        0x0
                0x000000000800206c                . = ALIGN (0x4)
                0x000000000800206c                __exidx_start = .
 *(.ARM.exidx*)
                0x000000000800206c                __exidx_end = .
                0x000000000800206c                . = ALIGN (0x4)

.preinit_array  0x000000000800206c        0x0
                0x000000000800206c                . = ALIGN (0x4)
                0x000000000800206c                PROVIDE (__preinit_array_start = .)
 *(.preinit_array*)
                0x000000000800206c                PROVIDE (__preinit_array_end = .)
                0x000000000800206c                . = ALIGN (0x4)

.init_array     0x000000000800206c        0x4
                0x000000000800206c                . = ALIGN (0x4)
                0x000000000800206c                PROVIDE (__init_array_start = .)
 *(SORT_BY_NAME(.init_array.*))
 *(.init_array*)
 .init_array    0x000000000800206c        0x4 c:/st/stm32cubeide_1.4.0/stm32cubeide/plugins/com.st.stm32cube.ide.mcu.externaltools.gnu-tools-for-stm32.7-2018-q2-update.win32_1.4.0.202007081208/tools/bin/../lib/gcc/arm-none-eabi/7.3.1/thumb/v7e-m/fpv4-sp/hard/crtbegin.o
                0x0000000008002070                PROVIDE (__init_array_end = .)
                0x0000000008002070                . = ALIGN (0x4)

.fini_array     0x0000000008002070        0x4
                0x0000000008002070                . = ALIGN (0x4)
                [!provide]                        PROVIDE (__fini_array_start = .)
 *(SORT_BY_NAME(.fini_array.*))
 *(.fini_array*)
 .fini_array    0x0000000008002070        0x4 c:/st/stm32cubeide_1.4.0/stm32cubeide/plugins/com.st.stm32cube.ide.mcu.externaltools.gnu-tools-for-stm32.7-2018-q2-update.win32_1.4.0.202007081208/tools/bin/../lib/gcc/arm-none-eabi/7.3.1/thumb/v7e-m/fpv4-sp/hard/crtbegin.o
                [!provide]                        PROVIDE (__fini_array_end = .)
                0x0000000008002074                . = ALIGN (0x4)
                0x0000000008002074                _sidata = LOADADDR (.data)

.data           0x0000000020000000        0x8 load address 0x0000000008002074
                0x0000000020000000                . = ALIGN (0x4)
                0x0000000020000000                _sdata = .
 *(.data)
 *(.data*)
 .data.expe     0x0000000020000000        0x4 Core/Src/main.o
                0x0000000020000000                expe
 .data.SystemCoreClock
                0x0000000020000004        0x4 Core/Src/system_stm32l4xx.o
                0x0000000020000004                SystemCoreClock
                0x0000000020000008                . = ALIGN (0x4)
                0x0000000020000008                _edata = .

.igot.plt       0x0000000020000008        0x0 load address 0x000000000800207c
 .igot.plt      0x0000000020000008        0x0 c:/st/stm32cubeide_1.4.0/stm32cubeide/plugins/com.st.stm32cube.ide.mcu.externaltools.gnu-tools-for-stm32.7-2018-q2-update.win32_1.4.0.202007081208/tools/bin/../lib/gcc/arm-none-eabi/7.3.1/thumb/v7e-m/fpv4-sp/hard/crtbegin.o
                0x0000000020000008                . = ALIGN (0x4)

.bss            0x0000000020000008       0x28 load address 0x000000000800207c
                0x0000000020000008                _sbss = .
                0x0000000020000008                __bss_start__ = _sbss
 *(.bss)
 .bss           0x0000000020000008       0x1c c:/st/stm32cubeide_1.4.0/stm32cubeide/plugins/com.st.stm32cube.ide.mcu.externaltools.gnu-tools-for-stm32.7-2018-q2-update.win32_1.4.0.202007081208/tools/bin/../lib/gcc/arm-none-eabi/7.3.1/thumb/v7e-m/fpv4-sp/hard/crtbegin.o
 *(.bss*)
 .bss.compteur_systick
                0x0000000020000024        0x4 Core/Src/main.o
                0x0000000020000024                compteur_systick
 .bss.mode      0x0000000020000028        0x4 Core/Src/main.o
                0x0000000020000028                mode
 *(COMMON)
 COMMON         0x000000002000002c        0x1 Core/Src/main.o
                0x000000002000002c                blue_mode_action
                0x0000000020000030                . = ALIGN (0x4)
 *fill*         0x000000002000002d        0x3 
                0x0000000020000030                _ebss = .
                0x0000000020000030                __bss_end__ = _ebss

._user_heap_stack
                0x0000000020000030      0x600 load address 0x000000000800207c
                0x0000000020000030                . = ALIGN (0x8)
                [!provide]                        PROVIDE (end = .)
                0x0000000020000030                PROVIDE (_end = .)
                0x0000000020000230                . = (. + _Min_Heap_Size)
 *fill*         0x0000000020000030      0x200 
                0x0000000020000630                . = (. + _Min_Stack_Size)
 *fill*         0x0000000020000230      0x400 
                0x0000000020000630                . = ALIGN (0x8)

/DISCARD/
 libc.a(*)
 libm.a(*)
 libgcc.a(*)

.ARM.attributes
                0x0000000000000000       0x30
 *(.ARM.attributes)
 .ARM.attributes
                0x0000000000000000       0x22 c:/st/stm32cubeide_1.4.0/stm32cubeide/plugins/com.st.stm32cube.ide.mcu.externaltools.gnu-tools-for-stm32.7-2018-q2-update.win32_1.4.0.202007081208/tools/bin/../lib/gcc/arm-none-eabi/7.3.1/thumb/v7e-m/fpv4-sp/hard/crti.o
 .ARM.attributes
                0x0000000000000022       0x34 c:/st/stm32cubeide_1.4.0/stm32cubeide/plugins/com.st.stm32cube.ide.mcu.externaltools.gnu-tools-for-stm32.7-2018-q2-update.win32_1.4.0.202007081208/tools/bin/../lib/gcc/arm-none-eabi/7.3.1/thumb/v7e-m/fpv4-sp/hard/crtbegin.o
 .ARM.attributes
                0x0000000000000056       0x39 Core/Src/gpio.o
 .ARM.attributes
                0x000000000000008f       0x39 Core/Src/main.o
 .ARM.attributes
                0x00000000000000c8       0x39 Core/Src/rtc.o
 .ARM.attributes
                0x0000000000000101       0x39 Core/Src/stm32l4xx_it.o
 .ARM.attributes
                0x000000000000013a       0x39 Core/Src/system_stm32l4xx.o
 .ARM.attributes
                0x0000000000000173       0x21 Core/Startup/startup_stm32l476rgtx.o
 .ARM.attributes
                0x0000000000000194       0x39 Drivers/STM32L4xx_HAL_Driver/Src/stm32l4xx_ll_exti.o
 .ARM.attributes
                0x00000000000001cd       0x39 Drivers/STM32L4xx_HAL_Driver/Src/stm32l4xx_ll_gpio.o
 .ARM.attributes
                0x0000000000000206       0x39 Drivers/STM32L4xx_HAL_Driver/Src/stm32l4xx_ll_rtc.o
 .ARM.attributes
                0x000000000000023f       0x39 Drivers/STM32L4xx_HAL_Driver/Src/stm32l4xx_ll_utils.o
 .ARM.attributes
                0x0000000000000278       0x34 c:/st/stm32cubeide_1.4.0/stm32cubeide/plugins/com.st.stm32cube.ide.mcu.externaltools.gnu-tools-for-stm32.7-2018-q2-update.win32_1.4.0.202007081208/tools/bin/../lib/gcc/arm-none-eabi/7.3.1/../../../../arm-none-eabi/lib/thumb/v7e-m/fpv4-sp/hard\libc_nano.a(lib_a-init.o)
 .ARM.attributes
                0x00000000000002ac       0x22 c:/st/stm32cubeide_1.4.0/stm32cubeide/plugins/com.st.stm32cube.ide.mcu.externaltools.gnu-tools-for-stm32.7-2018-q2-update.win32_1.4.0.202007081208/tools/bin/../lib/gcc/arm-none-eabi/7.3.1/thumb/v7e-m/fpv4-sp/hard/crtn.o
OUTPUT(Final_Project.elf elf32-littlearm)

.debug_info     0x0000000000000000     0x6046
 .debug_info    0x0000000000000000      0xe6c Core/Src/gpio.o
 .debug_info    0x0000000000000e6c     0x18fc Core/Src/main.o
 .debug_info    0x0000000000002768      0x68a Core/Src/rtc.o
 .debug_info    0x0000000000002df2      0x1e6 Core/Src/stm32l4xx_it.o
 .debug_info    0x0000000000002fd8      0x5b4 Core/Src/system_stm32l4xx.o
 .debug_info    0x000000000000358c       0x22 Core/Startup/startup_stm32l476rgtx.o
 .debug_info    0x00000000000035ae      0x56b Drivers/STM32L4xx_HAL_Driver/Src/stm32l4xx_ll_exti.o
 .debug_info    0x0000000000003b19      0xa87 Drivers/STM32L4xx_HAL_Driver/Src/stm32l4xx_ll_gpio.o
 .debug_info    0x00000000000045a0      0xe85 Drivers/STM32L4xx_HAL_Driver/Src/stm32l4xx_ll_rtc.o
 .debug_info    0x0000000000005425      0xc21 Drivers/STM32L4xx_HAL_Driver/Src/stm32l4xx_ll_utils.o

.debug_abbrev   0x0000000000000000      0xfe7
 .debug_abbrev  0x0000000000000000      0x258 Core/Src/gpio.o
 .debug_abbrev  0x0000000000000258      0x274 Core/Src/main.o
 .debug_abbrev  0x00000000000004cc      0x10f Core/Src/rtc.o
 .debug_abbrev  0x00000000000005db       0xa3 Core/Src/stm32l4xx_it.o
 .debug_abbrev  0x000000000000067e      0x134 Core/Src/system_stm32l4xx.o
 .debug_abbrev  0x00000000000007b2       0x12 Core/Startup/startup_stm32l476rgtx.o
 .debug_abbrev  0x00000000000007c4      0x19e Drivers/STM32L4xx_HAL_Driver/Src/stm32l4xx_ll_exti.o
 .debug_abbrev  0x0000000000000962      0x225 Drivers/STM32L4xx_HAL_Driver/Src/stm32l4xx_ll_gpio.o
 .debug_abbrev  0x0000000000000b87      0x228 Drivers/STM32L4xx_HAL_Driver/Src/stm32l4xx_ll_rtc.o
 .debug_abbrev  0x0000000000000daf      0x238 Drivers/STM32L4xx_HAL_Driver/Src/stm32l4xx_ll_utils.o

.debug_aranges  0x0000000000000000      0x708
 .debug_aranges
                0x0000000000000000       0x68 Core/Src/gpio.o
 .debug_aranges
                0x0000000000000068      0x218 Core/Src/main.o
 .debug_aranges
                0x0000000000000280       0x28 Core/Src/rtc.o
 .debug_aranges
                0x00000000000002a8       0x58 Core/Src/stm32l4xx_it.o
 .debug_aranges
                0x0000000000000300       0x28 Core/Src/system_stm32l4xx.o
 .debug_aranges
                0x0000000000000328       0x28 Core/Startup/startup_stm32l476rgtx.o
 .debug_aranges
                0x0000000000000350       0xb0 Drivers/STM32L4xx_HAL_Driver/Src/stm32l4xx_ll_exti.o
 .debug_aranges
                0x0000000000000400       0x70 Drivers/STM32L4xx_HAL_Driver/Src/stm32l4xx_ll_gpio.o
 .debug_aranges
                0x0000000000000470      0x160 Drivers/STM32L4xx_HAL_Driver/Src/stm32l4xx_ll_rtc.o
 .debug_aranges
                0x00000000000005d0      0x138 Drivers/STM32L4xx_HAL_Driver/Src/stm32l4xx_ll_utils.o

.debug_ranges   0x0000000000000000      0x670
 .debug_ranges  0x0000000000000000       0x58 Core/Src/gpio.o
 .debug_ranges  0x0000000000000058      0x208 Core/Src/main.o
 .debug_ranges  0x0000000000000260       0x18 Core/Src/rtc.o
 .debug_ranges  0x0000000000000278       0x48 Core/Src/stm32l4xx_it.o
 .debug_ranges  0x00000000000002c0       0x18 Core/Src/system_stm32l4xx.o
 .debug_ranges  0x00000000000002d8       0x20 Core/Startup/startup_stm32l476rgtx.o
 .debug_ranges  0x00000000000002f8       0xa0 Drivers/STM32L4xx_HAL_Driver/Src/stm32l4xx_ll_exti.o
 .debug_ranges  0x0000000000000398       0x60 Drivers/STM32L4xx_HAL_Driver/Src/stm32l4xx_ll_gpio.o
 .debug_ranges  0x00000000000003f8      0x150 Drivers/STM32L4xx_HAL_Driver/Src/stm32l4xx_ll_rtc.o
 .debug_ranges  0x0000000000000548      0x128 Drivers/STM32L4xx_HAL_Driver/Src/stm32l4xx_ll_utils.o

.debug_macro    0x0000000000000000    0x1f1a5
 .debug_macro   0x0000000000000000      0x14b Core/Src/gpio.o
 .debug_macro   0x000000000000014b      0xaa8 Core/Src/gpio.o
 .debug_macro   0x0000000000000bf3       0x2e Core/Src/gpio.o
 .debug_macro   0x0000000000000c21       0x28 Core/Src/gpio.o
 .debug_macro   0x0000000000000c49       0x22 Core/Src/gpio.o
 .debug_macro   0x0000000000000c6b       0x8e Core/Src/gpio.o
 .debug_macro   0x0000000000000cf9       0x51 Core/Src/gpio.o
 .debug_macro   0x0000000000000d4a       0xef Core/Src/gpio.o
 .debug_macro   0x0000000000000e39       0x6a Core/Src/gpio.o
 .debug_macro   0x0000000000000ea3      0x1df Core/Src/gpio.o
 .debug_macro   0x0000000000001082       0x1c Core/Src/gpio.o
 .debug_macro   0x000000000000109e       0x22 Core/Src/gpio.o
 .debug_macro   0x00000000000010c0      0x101 Core/Src/gpio.o
 .debug_macro   0x00000000000011c1     0x1011 Core/Src/gpio.o
 .debug_macro   0x00000000000021d2      0x11f Core/Src/gpio.o
 .debug_macro   0x00000000000022f1    0x1a13d Core/Src/gpio.o
 .debug_macro   0x000000000001c42e       0x43 Core/Src/gpio.o
 .debug_macro   0x000000000001c471      0x716 Core/Src/gpio.o
 .debug_macro   0x000000000001cb87      0x1bf Core/Src/gpio.o
 .debug_macro   0x000000000001cd46      0x2f5 Core/Src/gpio.o
 .debug_macro   0x000000000001d03b      0x164 Core/Src/gpio.o
 .debug_macro   0x000000000001d19f      0x1a7 Core/Src/gpio.o
 .debug_macro   0x000000000001d346       0xa7 Core/Src/gpio.o
 .debug_macro   0x000000000001d3ed      0x208 Core/Src/gpio.o
 .debug_macro   0x000000000001d5f5      0x2cb Core/Src/gpio.o
 .debug_macro   0x000000000001d8c0      0x4e5 Core/Src/gpio.o
 .debug_macro   0x000000000001dda5      0x16a Core/Src/gpio.o
 .debug_macro   0x000000000001df0f       0x22 Core/Src/gpio.o
 .debug_macro   0x000000000001df31      0x192 Core/Src/main.o
 .debug_macro   0x000000000001e0c3       0x22 Core/Src/main.o
 .debug_macro   0x000000000001e0e5      0x14b Core/Src/rtc.o
 .debug_macro   0x000000000001e230      0x14b Core/Src/stm32l4xx_it.o
 .debug_macro   0x000000000001e37b       0xd4 Core/Src/system_stm32l4xx.o
 .debug_macro   0x000000000001e44f       0xfb Drivers/STM32L4xx_HAL_Driver/Src/stm32l4xx_ll_exti.o
 .debug_macro   0x000000000001e54a      0x15e Drivers/STM32L4xx_HAL_Driver/Src/stm32l4xx_ll_exti.o
 .debug_macro   0x000000000001e6a8      0x110 Drivers/STM32L4xx_HAL_Driver/Src/stm32l4xx_ll_gpio.o
 .debug_macro   0x000000000001e7b8      0x164 Drivers/STM32L4xx_HAL_Driver/Src/stm32l4xx_ll_gpio.o
 .debug_macro   0x000000000001e91c      0x16a Drivers/STM32L4xx_HAL_Driver/Src/stm32l4xx_ll_rtc.o
 .debug_macro   0x000000000001ea86      0x4df Drivers/STM32L4xx_HAL_Driver/Src/stm32l4xx_ll_rtc.o
 .debug_macro   0x000000000001ef65      0x19f Drivers/STM32L4xx_HAL_Driver/Src/stm32l4xx_ll_utils.o
 .debug_macro   0x000000000001f104       0xa1 Drivers/STM32L4xx_HAL_Driver/Src/stm32l4xx_ll_utils.o

.debug_line     0x0000000000000000     0x4271
 .debug_line    0x0000000000000000      0x6ee Core/Src/gpio.o
 .debug_line    0x00000000000006ee      0xbe0 Core/Src/main.o
 .debug_line    0x00000000000012ce      0x5a9 Core/Src/rtc.o
 .debug_line    0x0000000000001877      0x629 Core/Src/stm32l4xx_it.o
 .debug_line    0x0000000000001ea0      0x496 Core/Src/system_stm32l4xx.o
 .debug_line    0x0000000000002336       0x87 Core/Startup/startup_stm32l476rgtx.o
 .debug_line    0x00000000000023bd      0x651 Drivers/STM32L4xx_HAL_Driver/Src/stm32l4xx_ll_exti.o
 .debug_line    0x0000000000002a0e      0x6a8 Drivers/STM32L4xx_HAL_Driver/Src/stm32l4xx_ll_gpio.o
 .debug_line    0x00000000000030b6      0x8c9 Drivers/STM32L4xx_HAL_Driver/Src/stm32l4xx_ll_rtc.o
 .debug_line    0x000000000000397f      0x8f2 Drivers/STM32L4xx_HAL_Driver/Src/stm32l4xx_ll_utils.o

.debug_str      0x0000000000000000    0xad5fb
 .debug_str     0x0000000000000000    0xaa527 Core/Src/gpio.o
                                      0xaa7da (size before relaxing)
 .debug_str     0x00000000000aa527      0x9ec Core/Src/main.o
                                      0xab016 (size before relaxing)
 .debug_str     0x00000000000aaf13       0x51 Core/Src/rtc.o
                                      0xaa177 (size before relaxing)
 .debug_str     0x00000000000aaf64       0xad Core/Src/stm32l4xx_it.o
                                      0xa9f1f (size before relaxing)
 .debug_str     0x00000000000ab011       0x79 Core/Src/system_stm32l4xx.o
                                      0x9e646 (size before relaxing)
 .debug_str     0x00000000000ab08a       0x36 Core/Startup/startup_stm32l476rgtx.o
                                         0x96 (size before relaxing)
 .debug_str     0x00000000000ab0c0      0x437 Drivers/STM32L4xx_HAL_Driver/Src/stm32l4xx_ll_exti.o
                                      0x9f057 (size before relaxing)
 .debug_str     0x00000000000ab4f7      0x63d Drivers/STM32L4xx_HAL_Driver/Src/stm32l4xx_ll_gpio.o
                                      0xa0027 (size before relaxing)
 .debug_str     0x00000000000abb34      0xd13 Drivers/STM32L4xx_HAL_Driver/Src/stm32l4xx_ll_rtc.o
                                      0xa1bf1 (size before relaxing)
 .debug_str     0x00000000000ac847      0xdb4 Drivers/STM32L4xx_HAL_Driver/Src/stm32l4xx_ll_utils.o
                                      0xa530c (size before relaxing)

.comment        0x0000000000000000       0x7b
 .comment       0x0000000000000000       0x7b Core/Src/gpio.o
                                         0x7c (size before relaxing)
 .comment       0x000000000000007b       0x7c Core/Src/main.o
 .comment       0x000000000000007b       0x7c Core/Src/rtc.o
 .comment       0x000000000000007b       0x7c Core/Src/stm32l4xx_it.o
 .comment       0x000000000000007b       0x7c Core/Src/system_stm32l4xx.o
 .comment       0x000000000000007b       0x7c Drivers/STM32L4xx_HAL_Driver/Src/stm32l4xx_ll_exti.o
 .comment       0x000000000000007b       0x7c Drivers/STM32L4xx_HAL_Driver/Src/stm32l4xx_ll_gpio.o
 .comment       0x000000000000007b       0x7c Drivers/STM32L4xx_HAL_Driver/Src/stm32l4xx_ll_rtc.o
 .comment       0x000000000000007b       0x7c Drivers/STM32L4xx_HAL_Driver/Src/stm32l4xx_ll_utils.o

.debug_frame    0x0000000000000000     0x1c94
 .debug_frame   0x0000000000000000      0x194 Core/Src/gpio.o
 .debug_frame   0x0000000000000194      0x914 Core/Src/main.o
 .debug_frame   0x0000000000000aa8       0x54 Core/Src/rtc.o
 .debug_frame   0x0000000000000afc       0xf0 Core/Src/stm32l4xx_it.o
 .debug_frame   0x0000000000000bec       0x58 Core/Src/system_stm32l4xx.o
 .debug_frame   0x0000000000000c44      0x2fc Drivers/STM32L4xx_HAL_Driver/Src/stm32l4xx_ll_exti.o
 .debug_frame   0x0000000000000f40      0x1c0 Drivers/STM32L4xx_HAL_Driver/Src/stm32l4xx_ll_gpio.o
 .debug_frame   0x0000000000001100      0x66c Drivers/STM32L4xx_HAL_Driver/Src/stm32l4xx_ll_rtc.o
 .debug_frame   0x000000000000176c      0x4fc Drivers/STM32L4xx_HAL_Driver/Src/stm32l4xx_ll_utils.o
 .debug_frame   0x0000000000001c68       0x2c c:/st/stm32cubeide_1.4.0/stm32cubeide/plugins/com.st.stm32cube.ide.mcu.externaltools.gnu-tools-for-stm32.7-2018-q2-update.win32_1.4.0.202007081208/tools/bin/../lib/gcc/arm-none-eabi/7.3.1/../../../../arm-none-eabi/lib/thumb/v7e-m/fpv4-sp/hard\libc_nano.a(lib_a-init.o)
